{
  "Id": 1,
  "Type": 1,
  "Message": "Alert Alert",
  "Timestamp": "2014-05-09T00:00:00",
  "Source": "Loading Station",
  "AlarmId": 1337,
  "SourceType": 0
}
{
  "Id": 2,
  "Type": 2,
  "Message": "Label Module crashed",
  "Timestamp": "2014-05-20T00:00:00",
  "Source": "Label",
  "AlarmId": 5446,
  "SourceType": 1
}
