{
  "Id": 3,
  "Type": 2,
  "Message": "Label Module crashed",
  "Timestamp": "2014-05-20T00:00:00",
  "Source": "LAB_1"
}
{
  "Id": 4,
  "Type": 2,
  "Message": "Label Module crashed",
  "Timestamp": "2014-05-20T00:00:00",
  "Source": "LAB_1"
}
